{
  "version": "1.5.0",
  "plugins_used": [
    {
      "name": "ArtifactoryDetector"
    },
    {
      "name": "AWSKeyDetector"
    },
    {
      "name": "AzureStorageKeyDetector"
    },
    {
      "name": "Base64HighEntropyString",
      "limit": 4.5
    },
    {
      "name": "BasicAuthDetector"
    },
    {
      "name": "CloudantDetector"
    },
    {
      "name": "DiscordBotTokenDetector"
    },
    {
      "name": "GitHubTokenDetector"
    },
    {
      "name": "GitLabTokenDetector"
    },
    {
      "name": "HexHighEntropyString",
      "limit": 3.0
    },
    {
      "name": "IbmCloudIamDetector"
    },
    {
      "name": "IbmCosHmacDetector"
    },
    {
      "name": "IPPublicDetector"
    },
    {
      "name": "JwtTokenDetector"
    },
    {
      "name": "KeywordDetector",
      "keyword_exclude": ""
    },
    {
      "name": "MailchimpDetector"
    },
    {
      "name": "NpmDetector"
    },
    {
      "name": "OpenAIDetector"
    },
    {
      "name": "PrivateKeyDetector"
    },
    {
      "name": "PypiTokenDetector"
    },
    {
      "name": "SendGridDetector"
    },
    {
      "name": "SlackDetector"
    },
    {
      "name": "SoftlayerDetector"
    },
    {
      "name": "SquareOAuthDetector"
    },
    {
      "name": "StripeDetector"
    },
    {
      "name": "TelegramBotTokenDetector"
    },
    {
      "name": "TwilioKeyDetector"
    }
  ],
  "filters_used": [
    {
      "path": "detect_secrets.filters.allowlist.is_line_allowlisted"
    },
    {
      "path": "detect_secrets.filters.common.is_baseline_file",
      "filename": ".secrets.baseline"
    },
    {
      "path": "detect_secrets.filters.common.is_ignored_due_to_verification_policies",
      "min_level": 2
    },
    {
      "path": "detect_secrets.filters.heuristic.is_indirect_reference"
    },
    {
      "path": "detect_secrets.filters.heuristic.is_likely_id_string"
    },
    {
      "path": "detect_secrets.filters.heuristic.is_lock_file"
    },
    {
      "path": "detect_secrets.filters.heuristic.is_not_alphanumeric_string"
    },
    {
      "path": "detect_secrets.filters.heuristic.is_potential_uuid"
    },
    {
      "path": "detect_secrets.filters.heuristic.is_prefixed_with_dollar_sign"
    },
    {
      "path": "detect_secrets.filters.heuristic.is_sequential_string"
    },
    {
      "path": "detect_secrets.filters.heuristic.is_swagger_file"
    },
    {
      "path": "detect_secrets.filters.heuristic.is_templated_secret"
    }
  ],
  "results": {
    "src/sunaba/github_auth.py": [
      {
        "type": "Secret Keyword",
        "filename": "src/sunaba/github_auth.py",
        "hashed_secret": "cd77f25ff84e68e3523a246ad8e8dbce05c46716",
        "is_verified": false,
        "line_number": 51
      },
      {
        "type": "Secret Keyword",
        "filename": "src/sunaba/github_auth.py",
        "hashed_secret": "024228b6d6b679e12cdb3ac97a2b39b85f3ac27e",
        "is_verified": false,
        "line_number": 52
      }
    ],
    "src/sunaba/proxy.py": [
      {
        "type": "Secret Keyword",
        "filename": "src/sunaba/proxy.py",
        "hashed_secret": "2b028e2c4a2760317bac8daaf808eba9c3c02664",
        "is_verified": false,
        "line_number": 179
      }
    ],
    "src/sunaba/token_broker.py": [
      {
        "type": "Hex High Entropy String",
        "filename": "src/sunaba/token_broker.py",
        "hashed_secret": "156aa51bb60095410cfa04d2a1b720ff90f3c2bc",
        "is_verified": false,
        "line_number": 80
      },
      {
        "type": "Hex High Entropy String",
        "filename": "src/sunaba/token_broker.py",
        "hashed_secret": "e179d9922b454a3ddf601e53b732eb6f99c1bbff",
        "is_verified": false,
        "line_number": 81
      },
      {
        "type": "Hex High Entropy String",
        "filename": "src/sunaba/token_broker.py",
        "hashed_secret": "e4fa2ca403553a522d6500df24d24aa4a1006915",
        "is_verified": false,
        "line_number": 82
      },
      {
        "type": "Hex High Entropy String",
        "filename": "src/sunaba/token_broker.py",
        "hashed_secret": "65d90f28d5eb15b84b6271da0e8b5ef037fef98f",
        "is_verified": false,
        "line_number": 83
      },
      {
        "type": "Hex High Entropy String",
        "filename": "src/sunaba/token_broker.py",
        "hashed_secret": "3d903cf553cf582a88fec30ea1b895ba70261954",
        "is_verified": false,
        "line_number": 84
      }
    ],
    "tests/conftest.py": [
      {
        "type": "Hex High Entropy String",
        "filename": "tests/conftest.py",
        "hashed_secret": "90bd1b48e958257948487b90bee080ba5ed00caa",
        "is_verified": false,
        "line_number": 162
      }
    ],
    "tests/test_clone_repo.py": [
      {
        "type": "Hex High Entropy String",
        "filename": "tests/test_clone_repo.py",
        "hashed_secret": "90bd1b48e958257948487b90bee080ba5ed00caa",
        "is_verified": false,
        "line_number": 61
      }
    ],
    "tests/test_container_exec.py": [
      {
        "type": "Hex High Entropy String",
        "filename": "tests/test_container_exec.py",
        "hashed_secret": "90bd1b48e958257948487b90bee080ba5ed00caa",
        "is_verified": false,
        "line_number": 29
      }
    ],
    "tests/test_container_lifecycle.py": [
      {
        "type": "Hex High Entropy String",
        "filename": "tests/test_container_lifecycle.py",
        "hashed_secret": "90bd1b48e958257948487b90bee080ba5ed00caa",
        "is_verified": false,
        "line_number": 37
      },
      {
        "type": "Hex High Entropy String",
        "filename": "tests/test_container_lifecycle.py",
        "hashed_secret": "523870daadf5e31772d14a5bfe2f182466c0b7f2",
        "is_verified": false,
        "line_number": 367
      }
    ],
    "tests/test_container_naming.py": [
      {
        "type": "Hex High Entropy String",
        "filename": "tests/test_container_naming.py",
        "hashed_secret": "90bd1b48e958257948487b90bee080ba5ed00caa",
        "is_verified": false,
        "line_number": 400
      }
    ],
    "tests/test_diff_tool.py": [
      {
        "type": "Hex High Entropy String",
        "filename": "tests/test_diff_tool.py",
        "hashed_secret": "90bd1b48e958257948487b90bee080ba5ed00caa",
        "is_verified": false,
        "line_number": 362
      }
    ],
    "tests/test_exec_tools.py": [
      {
        "type": "Hex High Entropy String",
        "filename": "tests/test_exec_tools.py",
        "hashed_secret": "90bd1b48e958257948487b90bee080ba5ed00caa",
        "is_verified": false,
        "line_number": 37
      }
    ],
    "tests/test_file_size_metadata.py": [
      {
        "type": "Hex High Entropy String",
        "filename": "tests/test_file_size_metadata.py",
        "hashed_secret": "90bd1b48e958257948487b90bee080ba5ed00caa",
        "is_verified": false,
        "line_number": 148
      }
    ],
    "tests/test_issue181_resilience.py": [
      {
        "type": "Hex High Entropy String",
        "filename": "tests/test_issue181_resilience.py",
        "hashed_secret": "90bd1b48e958257948487b90bee080ba5ed00caa",
        "is_verified": false,
        "line_number": 125
      }
    ],
    "tests/test_issue298_init_leak.py": [
      {
        "type": "Hex High Entropy String",
        "filename": "tests/test_issue298_init_leak.py",
        "hashed_secret": "90bd1b48e958257948487b90bee080ba5ed00caa",
        "is_verified": false,
        "line_number": 67
      }
    ],
    "tests/test_issue527_containers_page.py": [
      {
        "type": "Hex High Entropy String",
        "filename": "tests/test_issue527_containers_page.py",
        "hashed_secret": "90bd1b48e958257948487b90bee080ba5ed00caa",
        "is_verified": false,
        "line_number": 252
      }
    ],
    "tests/test_issue528_stop_button.py": [
      {
        "type": "Hex High Entropy String",
        "filename": "tests/test_issue528_stop_button.py",
        "hashed_secret": "90bd1b48e958257948487b90bee080ba5ed00caa",
        "is_verified": false,
        "line_number": 167
      }
    ],
    "tests/test_journal.py": [
      {
        "type": "Hex High Entropy String",
        "filename": "tests/test_journal.py",
        "hashed_secret": "90bd1b48e958257948487b90bee080ba5ed00caa",
        "is_verified": false,
        "line_number": 350
      }
    ],
    "tests/test_output_control.py": [
      {
        "type": "Base64 High Entropy String",
        "filename": "tests/test_output_control.py",
        "hashed_secret": "1d200792ff7da92a43b19e87b123ecec9d803cbb",
        "is_verified": false,
        "line_number": 141
      }
    ],
    "tests/test_pr_branch.py": [
      {
        "type": "Hex High Entropy String",
        "filename": "tests/test_pr_branch.py",
        "hashed_secret": "90bd1b48e958257948487b90bee080ba5ed00caa",
        "is_verified": false,
        "line_number": 47
      }
    ],
    "tests/test_pr_review_write.py": [
      {
        "type": "Hex High Entropy String",
        "filename": "tests/test_pr_review_write.py",
        "hashed_secret": "323b5f30fd46dcaeeb6aed6df873b62cf585861f",
        "is_verified": false,
        "line_number": 88
      }
    ],
    "tests/test_proxy.py": [
      {
        "type": "Secret Keyword",
        "filename": "tests/test_proxy.py",
        "hashed_secret": "25ab86bed149ca6ca9c1c0d5db7c9a91388ddeab",
        "is_verified": false,
        "line_number": 490
      },
      {
        "type": "Secret Keyword",
        "filename": "tests/test_proxy.py",
        "hashed_secret": "a4b48a81cdab1e1a5dd37907d6c85ca1c61ddc7c",
        "is_verified": false,
        "line_number": 492
      },
      {
        "type": "Secret Keyword",
        "filename": "tests/test_proxy.py",
        "hashed_secret": "fef341f85d87439e7d91a2d465b9871ef66b5e98",
        "is_verified": false,
        "line_number": 831
      }
    ],
    "tests/test_proxy_client.py": [
      {
        "type": "Secret Keyword",
        "filename": "tests/test_proxy_client.py",
        "hashed_secret": "fef341f85d87439e7d91a2d465b9871ef66b5e98",
        "is_verified": false,
        "line_number": 44
      },
      {
        "type": "Secret Keyword",
        "filename": "tests/test_proxy_client.py",
        "hashed_secret": "a4b48a81cdab1e1a5dd37907d6c85ca1c61ddc7c",
        "is_verified": false,
        "line_number": 207
      }
    ],
    "tests/test_proxy_lifecycle.py": [
      {
        "type": "Secret Keyword",
        "filename": "tests/test_proxy_lifecycle.py",
        "hashed_secret": "1bddb1688b296aa2ba7006fddba806f0c08799cd",
        "is_verified": false,
        "line_number": 269
      },
      {
        "type": "Secret Keyword",
        "filename": "tests/test_proxy_lifecycle.py",
        "hashed_secret": "5a32ac0b919f7fead4cd777e024716227272a4b5",
        "is_verified": false,
        "line_number": 384
      }
    ],
    "tests/test_publish.py": [
      {
        "type": "Hex High Entropy String",
        "filename": "tests/test_publish.py",
        "hashed_secret": "e3ab4da65771e112916313006cec8b34ad8ce8cf",
        "is_verified": false,
        "line_number": 27
      },
      {
        "type": "Hex High Entropy String",
        "filename": "tests/test_publish.py",
        "hashed_secret": "a956a7e84175b66cfa4db774fad2e2b4f975bce3",
        "is_verified": false,
        "line_number": 1183
      },
      {
        "type": "Secret Keyword",
        "filename": "tests/test_publish.py",
        "hashed_secret": "2457e0c6c0e097aea092736f0c08a2fdd25a353c",
        "is_verified": false,
        "line_number": 1488
      },
      {
        "type": "Secret Keyword",
        "filename": "tests/test_publish.py",
        "hashed_secret": "6a1cec45eaf37b34e1b1d89130d7746fe4006346",
        "is_verified": false,
        "line_number": 1602
      }
    ],
    "tests/test_publish_advanced.py": [
      {
        "type": "Hex High Entropy String",
        "filename": "tests/test_publish_advanced.py",
        "hashed_secret": "e3ab4da65771e112916313006cec8b34ad8ce8cf",
        "is_verified": false,
        "line_number": 38
      }
    ],
    "tests/test_publish_ops.py": [
      {
        "type": "Hex High Entropy String",
        "filename": "tests/test_publish_ops.py",
        "hashed_secret": "e3ab4da65771e112916313006cec8b34ad8ce8cf",
        "is_verified": false,
        "line_number": 207
      }
    ],
    "tests/test_read_file_range.py": [
      {
        "type": "Hex High Entropy String",
        "filename": "tests/test_read_file_range.py",
        "hashed_secret": "90bd1b48e958257948487b90bee080ba5ed00caa",
        "is_verified": false,
        "line_number": 43
      }
    ],
    "tests/test_security.py": [
      {
        "type": "Hex High Entropy String",
        "filename": "tests/test_security.py",
        "hashed_secret": "75f3be87351a63f1c2f677632838f9e2be066891",
        "is_verified": false,
        "line_number": 96
      },
      {
        "type": "Hex High Entropy String",
        "filename": "tests/test_security.py",
        "hashed_secret": "e9c6984da356ea37fdb21959e0e35f0099228e90",
        "is_verified": false,
        "line_number": 97
      }
    ],
    "tests/test_state_nudges.py": [
      {
        "type": "Hex High Entropy String",
        "filename": "tests/test_state_nudges.py",
        "hashed_secret": "e3ab4da65771e112916313006cec8b34ad8ce8cf",
        "is_verified": false,
        "line_number": 49
      },
      {
        "type": "Hex High Entropy String",
        "filename": "tests/test_state_nudges.py",
        "hashed_secret": "90bd1b48e958257948487b90bee080ba5ed00caa",
        "is_verified": false,
        "line_number": 70
      }
    ],
    "tests/test_tool_use_instrumentation.py": [
      {
        "type": "Hex High Entropy String",
        "filename": "tests/test_tool_use_instrumentation.py",
        "hashed_secret": "90bd1b48e958257948487b90bee080ba5ed00caa",
        "is_verified": false,
        "line_number": 34
      }
    ],
    "tests/test_undo.py": [
      {
        "type": "Hex High Entropy String",
        "filename": "tests/test_undo.py",
        "hashed_secret": "90bd1b48e958257948487b90bee080ba5ed00caa",
        "is_verified": false,
        "line_number": 21
      }
    ],
    "tests/test_workspace_root.py": [
      {
        "type": "Hex High Entropy String",
        "filename": "tests/test_workspace_root.py",
        "hashed_secret": "a3d2709ddb4695bf7c836222de3fcdba279a129c",
        "is_verified": false,
        "line_number": 66
      }
    ]
  },
  "generated_at": "2026-07-20T05:00:41Z"
}
